I'm sorry, but errors were detected in your script. Please correct the
errors listed below, and try again.


File "game/script.rpy", line 286: expected end of line
    play music dark scary
                    ^

Ren'Py Version: Ren'Py 8.0.3.22090809
Mon Dec  5 15:50:02 2022
